  Identification des projets ├á restaurer...
  Tous les projets sont ├á jour pour la restauration.
C:\Users\SS TECH\Desktop\APM-Backend\APM.API\Services\ActivityLogService.cs(19,26): error CS0266: Impossible de convertir implicitement le type 'int?' en 'int'. Une conversion explicite existe (un cast est-il manquant┬á?) [C:\Users\SS TECH\Desktop\APM-Backend\APM.API\APM.API.csproj]
C:\Users\SS TECH\Desktop\APM-Backend\APM.API\Services\ActivityLogService.cs(19,26): warning CS8629: Le type valeur Nullable peut avoir une valeur null. [C:\Users\SS TECH\Desktop\APM-Backend\APM.API\APM.API.csproj]
C:\Users\SS TECH\Desktop\APM-Backend\APM.API\Services\EmailService.cs(22,17): warning CS8604: Existence possible d'un argument de r├®f├®rence null pour le param├¿tre 'address' dans 'MailboxAddress.MailboxAddress(string? name, string address)'. [C:\Users\SS TECH\Desktop\APM-Backend\APM.API\APM.API.csproj]

├ëCHEC de la build.

C:\Users\SS TECH\Desktop\APM-Backend\APM.API\Services\ActivityLogService.cs(19,26): warning CS8629: Le type valeur Nullable peut avoir une valeur null. [C:\Users\SS TECH\Desktop\APM-Backend\APM.API\APM.API.csproj]
C:\Users\SS TECH\Desktop\APM-Backend\APM.API\Services\EmailService.cs(22,17): warning CS8604: Existence possible d'un argument de r├®f├®rence null pour le param├¿tre 'address' dans 'MailboxAddress.MailboxAddress(string? name, string address)'. [C:\Users\SS TECH\Desktop\APM-Backend\APM.API\APM.API.csproj]
C:\Users\SS TECH\Desktop\APM-Backend\APM.API\Services\ActivityLogService.cs(19,26): error CS0266: Impossible de convertir implicitement le type 'int?' en 'int'. Une conversion explicite existe (un cast est-il manquant┬á?) [C:\Users\SS TECH\Desktop\APM-Backend\APM.API\APM.API.csproj]
    2 Avertissement(s)
    1 Erreur(s)

Temps ├®coul├® 00:00:01.44
